  ▲ Next.js 14.2.35
  - Environments: .env.local, .env

   Creating an optimized production build ...
 ✓ Compiled successfully
   Linting and checking validity of types ...

./app/cart/page.tsx
43:19  Warning: Using `<img>` could result in slower LCP and higher bandwidth. Consider using `<Image />` from `next/image` to automatically optimize images. This may incur additional usage or cost from your provider. See: https://nextjs.org/docs/messages/no-img-element  @next/next/no-img-element

./app/collection/[slug]/page.tsx
47:17  Warning: Using `<img>` could result in slower LCP and higher bandwidth. Consider using `<Image />` from `next/image` to automatically optimize images. This may incur additional usage or cost from your provider. See: https://nextjs.org/docs/messages/no-img-element  @next/next/no-img-element

./app/product/[id]/page.tsx
60:13  Warning: Using `<img>` could result in slower LCP and higher bandwidth. Consider using `<Image />` from `next/image` to automatically optimize images. This may incur additional usage or cost from your provider. See: https://nextjs.org/docs/messages/no-img-element  @next/next/no-img-element

./app/sale/page.tsx
45:21  Warning: Using `<img>` could result in slower LCP and higher bandwidth. Consider using `<Image />` from `next/image` to automatically optimize images. This may incur additional usage or cost from your provider. See: https://nextjs.org/docs/messages/no-img-element  @next/next/no-img-element

./app/shop/page.tsx
160:21  Warning: Using `<img>` could result in slower LCP and higher bandwidth. Consider using `<Image />` from `next/image` to automatically optimize images. This may incur additional usage or cost from your provider. See: https://nextjs.org/docs/messages/no-img-element  @next/next/no-img-element

./app/wishlist/page.tsx
40:17  Warning: Using `<img>` could result in slower LCP and higher bandwidth. Consider using `<Image />` from `next/image` to automatically optimize images. This may incur additional usage or cost from your provider. See: https://nextjs.org/docs/messages/no-img-element  @next/next/no-img-element

./components/dashboard/LearningPathGenerator.tsx
63:8  Warning: React Hook useEffect has missing dependencies: 'generatePath' and 'path'. Either include them or remove the dependency array.  react-hooks/exhaustive-deps

./components/interview/ResumeUpload.tsx
103:8  Warning: React Hook useCallback has a missing dependency: 'parseResume'. Either include it or remove the dependency array.  react-hooks/exhaustive-deps

./components/interview/VideoSetup.tsx
24:8  Warning: React Hook useEffect has a missing dependency: 'stream'. Either include it or remove the dependency array.  react-hooks/exhaustive-deps

./components/interview/VoiceRecorder.tsx
68:8  Warning: React Hook useEffect has a missing dependency: 'stopRecording'. Either include it or remove the dependency array.  react-hooks/exhaustive-deps

./components/practice/PracticePlayground.tsx
60:5  Warning: React Hook useMemo has a missing dependency: 'LANGUAGE_CONFIG'. Either include it or remove the dependency array.  react-hooks/exhaustive-deps

./components/theory/TheoryDashboard.tsx
106:6  Warning: React Hook useMemo has a missing dependency: 'hasTheory'. Either include it or remove the dependency array.  react-hooks/exhaustive-deps

./components/theory/TheoryViewer.tsx
89:6  Warning: React Hook useEffect has a missing dependency: 'scrollToSection'. Either include it or remove the dependency array.  react-hooks/exhaustive-deps

./components/youtube/YouTubeVideos.tsx
106:17  Warning: Using `<img>` could result in slower LCP and higher bandwidth. Consider using `<Image />` from `next/image` to automatically optimize images. This may incur additional usage or cost from your provider. See: https://nextjs.org/docs/messages/no-img-element  @next/next/no-img-element

info  - Need to disable some ESLint rules? Learn more here: https://nextjs.org/docs/basic-features/eslint#disabling-rules
   Collecting page data ...
Error: Missing API key. Pass it to the constructor `new Resend("re_123")`
    at new <anonymous> (/home/wasim/Quiz App/CodeToCareer/.next/server/app/api/auth/forgot-password/route.js:1:15093)
    at 57149 (/home/wasim/Quiz App/CodeToCareer/.next/server/app/api/auth/forgot-password/route.js:1:14634)
    at t (/home/wasim/Quiz App/CodeToCareer/.next/server/webpack-runtime.js:1:143)
    at /home/wasim/Quiz App/CodeToCareer/.next/server/app/api/auth/forgot-password/route.js:1:1351
    at t.a (/home/wasim/Quiz App/CodeToCareer/.next/server/webpack-runtime.js:1:918)
    at 56680 (/home/wasim/Quiz App/CodeToCareer/.next/server/app/api/auth/forgot-password/route.js:1:1275)
    at t (/home/wasim/Quiz App/CodeToCareer/.next/server/webpack-runtime.js:1:143)
    at /home/wasim/Quiz App/CodeToCareer/.next/server/app/api/auth/forgot-password/route.js:1:655
    at t.a (/home/wasim/Quiz App/CodeToCareer/.next/server/webpack-runtime.js:1:918)
    at 67017 (/home/wasim/Quiz App/CodeToCareer/.next/server/app/api/auth/forgot-password/route.js:1:442)

> Build error occurred
Error: Failed to collect page data for /api/auth/forgot-password
    at /home/wasim/Quiz App/CodeToCareer/node_modules/next/dist/build/utils.js:1269:15
    at process.processTicksAndRejections (node:internal/process/task_queues:95:5) {
  type: 'Error'
}
